"meter","start_time","end_time","energy_consumption","mean_power","min_power","max_power"
"A","2019-06-01T14:00:00.001+02:00","2019-06-01T15:00:00.001+02:00",1000,"1000.0",400,1600
"B","2019-06-01T14:00:00.001+02:00","2019-06-01T15:00:00.001+02:00",1400,"1400.0",400,2400
